// Jest Snapshot v1, https://goo.gl/fbAQLP

exports[`Input renders correctly with defaults 1`] = `
<span
  className="wrapper"
  onChange={undefined}
>
  <input
    autoComplete={undefined}
    autoFocus={undefined}
    className="control"
    disabled={undefined}
    id={undefined}
    maxLength={undefined}
    name="input control"
    onChange={[Function]}
    placeholder={undefined}
    readOnly={undefined}
    type="text"
    value=""
  />
</span>
`;

exports[`Input renders correctly with defined props 1`] = `
<span
  className="wrapper outer"
  onChange={undefined}
>
  <input
    autoComplete="off"
    autoFocus={true}
    className="control"
    disabled={true}
    id="inputs id"
    maxLength={10}
    name="input control"
    onChange={[Function]}
    placeholder="it is a placeholder"
    readOnly={false}
    type="password"
    value="custom value"
  />
</span>
`;
