// Jest Snapshot v1, https://goo.gl/fbAQLP

exports[`Renders correctly with default props 1`] = `
<a
  className="link"
  disabled={false}
  download={false}
  href="#"
  id={undefined}
  onClick={[Function]}
  rel={undefined}
  target="_self"
  type={undefined}
>
  Link Content
</a>
`;

exports[`Renders correctly with defined props 1`] = `
<a
  className="link disabled outer"
  disabled={true}
  download={true}
  href="#"
  id="links id"
  onClick={[Function]}
  rel="noopener noreferrer"
  target="_blank"
  type="video/mp4"
>
  Link Content
</a>
`;
