// Jest Snapshot v1, https://goo.gl/fbAQLP

exports[`Renders correctly with default props 1`] = `
<textarea
  autoComplete={undefined}
  autoFocus={false}
  className="textarea"
  cols={undefined}
  defaultValue={undefined}
  disabled={false}
  id={undefined}
  maxLength={undefined}
  name="control"
  onBlur={[Function]}
  onChange={[Function]}
  onFocus={[Function]}
  placeholder={undefined}
  readOnly={false}
  rows={undefined}
  style={undefined}
  value={undefined}
/>
`;

exports[`Renders correctly with defined props 1`] = `
<textarea
  autoComplete="off"
  autoFocus={true}
  className="textarea outer"
  cols="5"
  defaultValue={undefined}
  disabled={true}
  id="controls-id"
  maxLength="25"
  name="control"
  onBlur={[Function]}
  onChange={[Function]}
  onFocus={[Function]}
  placeholder="it is a placeholder"
  readOnly={true}
  rows="10"
  style={undefined}
  value="Any Code..."
/>
`;
