// Jest Snapshot v1, https://goo.gl/fbAQLP

exports[`Renders correctly with default props 1`] = `
<textarea
  autoComplete={undefined}
  autoFocus={undefined}
  className="control"
  cols={undefined}
  defaultValue={undefined}
  disabled={undefined}
  id={undefined}
  maxLength={undefined}
  name="control"
  onChange={[Function]}
  placeholder={undefined}
  readOnly={undefined}
  rows="3"
  value={undefined}
/>
`;

exports[`Renders correctly with defined props 1`] = `
<textarea
  autoComplete="off"
  autoFocus={true}
  className="control outer"
  cols="5"
  defaultValue={undefined}
  disabled={true}
  id="controls-id"
  maxLength="25"
  name="control"
  onChange={[Function]}
  placeholder="it is a placeholder"
  readOnly={true}
  rows="10"
  value="Any Code..."
/>
`;
